// Jest Snapshot v1, https://goo.gl/fbAQLP

exports[`Notification Render Notification without any eror 1`] = `null`;

exports[`ProfileInfo Render ProfileInfo without any eror 1`] = `null`;
