// Jest Snapshot v1, https://goo.gl/fbAQLP

exports[`IconButton Render IconButon without any errors 1`] = `
<button
  className="IconButton"
  onClick={[Function]}
  type="button"
>
  <i
    className="material-icons"
    style={null}
  >
    setting
  </i>
</button>
`;
