// Jest Snapshot v1, https://goo.gl/fbAQLP

exports[`Home Page Should render home page without any errors 1`] = `
<div
  className="home"
>
  <h1
    className="title"
  >
    Rails
  </h1>
  <h5
    className="tag-line"
  >
    Keep students on track
  </h5>
  <a
    className="ant-btn home-button"
    href="/signup"
    onClick={[Function]}
  >
    <span>
      Get Started
    </span>
    <i
      className="anticon anticon-right-circle"
    >
      <svg
        aria-hidden="true"
        className=""
        data-icon="right-circle"
        fill="currentColor"
        height="1em"
        viewBox="64 64 896 896"
        width="1em"
      >
        <path
          d="M512 64C264.6 64 64 264.6 64 512s200.6 448 448 448 448-200.6 448-448S759.4 64 512 64zm154.7 454.5l-246 178c-5.3 3.8-12.7 0-12.7-6.5v-46.9c0-10.2 4.9-19.9 13.2-25.9L566.6 512 421.2 406.8c-8.3-6-13.2-15.6-13.2-25.9V334c0-6.5 7.4-10.3 12.7-6.5l246 178c4.4 3.2 4.4 9.8 0 13z"
        />
      </svg>
    </i>
  </a>
  <div
    className="ant-card about-card ant-card-bordered"
  >
    <div
      className="ant-card-head"
      style={Object {}}
    >
      <div
        className="ant-card-head-wrapper"
      >
        <div
          className="ant-card-head-title"
        >
          About Rails
        </div>
      </div>
    </div>
    <div
      className="ant-card-body"
      style={Object {}}
    >
      <p>
        “Rails” is a platform for teachers and students. Rails will help organize all events in a class. From helping set due dates and reminders to providing a discussion forum for events in a class.
      </p>
    </div>
  </div>
</div>
`;
