// Jest Snapshot v1, https://goo.gl/fbAQLP

exports[`ProfileInfo Render ProfileInfo without any eror 1`] = `
<div
  className="ProfileInfo"
>
  <i
    className="ProfileImage material-icons"
    style={
      Object {
        "color": "black",
      }
    }
  >
    account_circle
  </i>
  <div
    className="rightSide"
  >
    <p
      className="name"
    >
      test full name
    </p>
    <p
      className="email"
    >
      test@gmail.com
    </p>
  </div>
</div>
`;
